[0m16:14:40.360208 [debug] [MainThread]: Sending event: {'category': 'dbt', 'action': 'invocation', 'label': 'start', 'context': [<snowplow_tracker.self_describing_json.SelfDescribingJson object at 0x000001CEC56F0AF0>, <snowplow_tracker.self_describing_json.SelfDescribingJson object at 0x000001CEC67CFA30>, <snowplow_tracker.self_describing_json.SelfDescribingJson object at 0x000001CEC67CF820>]}


============================== 16:14:40.371317 | 60bd3bc3-511a-4dc8-a00e-c9306408bdd6 ==============================
[0m16:14:40.371317 [info ] [MainThread]: Running with dbt=1.9.4
[0m16:14:40.372338 [debug] [MainThread]: running dbt with arguments {'printer_width': '80', 'indirect_selection': 'eager', 'log_cache_events': 'False', 'write_json': 'True', 'partial_parse': 'True', 'cache_selected_only': 'False', 'warn_error': 'None', 'fail_fast': 'False', 'profiles_dir': 'C:\\Users\\atharv\\.dbt', 'log_path': 'logs', 'debug': 'False', 'version_check': 'True', 'use_colors': 'True', 'use_experimental_parser': 'False', 'empty': 'False', 'quiet': 'False', 'no_print': 'None', 'warn_error_options': 'WarnErrorOptions(include=[], exclude=[])', 'invocation_command': 'dbt run', 'introspect': 'True', 'log_format': 'default', 'target_path': 'None', 'static_parser': 'True', 'send_anonymous_usage_stats': 'True'}
[0m16:14:40.374975 [error] [MainThread]: Encountered an error:
Runtime Error
  No dbt_project.yml found at expected path D:\projects\stock_market_pipeline\dbt_project.yml
  Verify that each entry within packages.yml (and their transitive dependencies) contains a file named dbt_project.yml
  
[0m16:14:40.378012 [debug] [MainThread]: Command `dbt run` failed at 16:14:40.378012 after 0.37 seconds
[0m16:14:40.379754 [debug] [MainThread]: Sending event: {'category': 'dbt', 'action': 'invocation', 'label': 'end', 'context': [<snowplow_tracker.self_describing_json.SelfDescribingJson object at 0x000001CEC56F0AF0>, <snowplow_tracker.self_describing_json.SelfDescribingJson object at 0x000001CEC67CF820>, <snowplow_tracker.self_describing_json.SelfDescribingJson object at 0x000001CEC67CFDC0>]}
[0m16:14:40.379754 [debug] [MainThread]: Flushing usage events
[0m16:14:44.520093 [debug] [MainThread]: An error was encountered while trying to flush usage events
[0m16:15:15.190268 [debug] [MainThread]: Sending event: {'category': 'dbt', 'action': 'invocation', 'label': 'start', 'context': [<snowplow_tracker.self_describing_json.SelfDescribingJson object at 0x00000215DEE8FB80>, <snowplow_tracker.self_describing_json.SelfDescribingJson object at 0x00000215DFF70B20>, <snowplow_tracker.self_describing_json.SelfDescribingJson object at 0x00000215DFF70910>]}


============================== 16:15:15.199795 | ec997b35-2ea4-4581-8d22-06026d159b59 ==============================
[0m16:15:15.199795 [info ] [MainThread]: Running with dbt=1.9.4
[0m16:15:15.199795 [debug] [MainThread]: running dbt with arguments {'printer_width': '80', 'indirect_selection': 'eager', 'log_cache_events': 'False', 'write_json': 'True', 'partial_parse': 'True', 'cache_selected_only': 'False', 'profiles_dir': 'C:\\Users\\atharv\\.dbt', 'debug': 'False', 'warn_error': 'None', 'log_path': 'logs', 'version_check': 'True', 'fail_fast': 'False', 'use_colors': 'True', 'use_experimental_parser': 'False', 'no_print': 'None', 'quiet': 'False', 'empty': 'False', 'warn_error_options': 'WarnErrorOptions(include=[], exclude=[])', 'invocation_command': 'dbt run', 'static_parser': 'True', 'introspect': 'True', 'target_path': 'None', 'log_format': 'default', 'send_anonymous_usage_stats': 'True'}
[0m16:15:15.199795 [error] [MainThread]: Encountered an error:
Runtime Error
  No dbt_project.yml found at expected path D:\projects\stock_market_pipeline\dbt_project.yml
  Verify that each entry within packages.yml (and their transitive dependencies) contains a file named dbt_project.yml
  
[0m16:15:15.199795 [debug] [MainThread]: Command `dbt run` failed at 16:15:15.199795 after 0.14 seconds
[0m16:15:15.199795 [debug] [MainThread]: Sending event: {'category': 'dbt', 'action': 'invocation', 'label': 'end', 'context': [<snowplow_tracker.self_describing_json.SelfDescribingJson object at 0x00000215DEE8FB80>, <snowplow_tracker.self_describing_json.SelfDescribingJson object at 0x00000215DFF70910>, <snowplow_tracker.self_describing_json.SelfDescribingJson object at 0x00000215DFF70EB0>]}
[0m16:15:15.199795 [debug] [MainThread]: Flushing usage events
[0m16:15:18.053633 [debug] [MainThread]: An error was encountered while trying to flush usage events
[0m16:55:10.903895 [debug] [MainThread]: Sending event: {'category': 'dbt', 'action': 'invocation', 'label': 'start', 'context': [<snowplow_tracker.self_describing_json.SelfDescribingJson object at 0x000002056FD90B20>, <snowplow_tracker.self_describing_json.SelfDescribingJson object at 0x0000020570E7FA00>, <snowplow_tracker.self_describing_json.SelfDescribingJson object at 0x0000020570E7F7F0>]}


============================== 16:55:10.925839 | b84d47ec-ad12-40d0-a7c1-d5fdc9ea1bda ==============================
[0m16:55:10.925839 [info ] [MainThread]: Running with dbt=1.9.4
[0m16:55:10.927852 [debug] [MainThread]: running dbt with arguments {'printer_width': '80', 'indirect_selection': 'eager', 'write_json': 'True', 'log_cache_events': 'False', 'partial_parse': 'True', 'cache_selected_only': 'False', 'warn_error': 'None', 'debug': 'False', 'version_check': 'True', 'log_path': 'logs', 'profiles_dir': 'C:\\Users\\atharv\\.dbt', 'fail_fast': 'False', 'use_colors': 'True', 'use_experimental_parser': 'False', 'no_print': 'None', 'quiet': 'False', 'empty': 'False', 'log_format': 'default', 'invocation_command': 'dbt run', 'warn_error_options': 'WarnErrorOptions(include=[], exclude=[])', 'static_parser': 'True', 'target_path': 'None', 'introspect': 'True', 'send_anonymous_usage_stats': 'True'}
[0m16:55:10.929862 [error] [MainThread]: Encountered an error:
Runtime Error
  No dbt_project.yml found at expected path D:\projects\stock_market_pipeline\dbt_project.yml
  Verify that each entry within packages.yml (and their transitive dependencies) contains a file named dbt_project.yml
  
[0m16:55:10.934102 [debug] [MainThread]: Command `dbt run` failed at 16:55:10.934102 after 0.82 seconds
[0m16:55:10.937014 [debug] [MainThread]: Sending event: {'category': 'dbt', 'action': 'invocation', 'label': 'end', 'context': [<snowplow_tracker.self_describing_json.SelfDescribingJson object at 0x000002056FD90B20>, <snowplow_tracker.self_describing_json.SelfDescribingJson object at 0x0000020570E7F7F0>, <snowplow_tracker.self_describing_json.SelfDescribingJson object at 0x0000020570E7FD90>]}
[0m16:55:10.937014 [debug] [MainThread]: Flushing usage events
[0m16:55:12.293942 [debug] [MainThread]: An error was encountered while trying to flush usage events
